Drawable.hpp:121:18:virtual void touchgfx::Drawable::invalidateContent() const	8	static
Drawable.hpp:315:18:virtual void touchgfx::Drawable::setX(int16_t)	0	static
Drawable.hpp:327:18:virtual void touchgfx::Drawable::setY(int16_t)	0	static
Drawable.hpp:356:18:virtual void touchgfx::Drawable::setWidth(int16_t)	0	static
Drawable.hpp:368:18:virtual void touchgfx::Drawable::setHeight(int16_t)	0	static
Drawable.hpp:378:18:virtual void touchgfx::Drawable::childGeometryChanged()	0	static
Drawable.hpp:389:18:virtual void touchgfx::Drawable::handleClickEvent(const touchgfx::ClickEvent&)	0	static
Drawable.hpp:401:18:virtual void touchgfx::Drawable::handleGestureEvent(const touchgfx::GestureEvent&)	0	static
Drawable.hpp:490:18:virtual void touchgfx::Drawable::handleDragEvent(const touchgfx::DragEvent&)	0	static
Drawable.hpp:588:18:virtual void touchgfx::Drawable::moveTo(int16_t, int16_t)	8	static
Container.hpp:165:23:virtual touchgfx::Drawable* touchgfx::Container::getFirstChild()	0	static
CircleAnimator.hpp:10:13:CircleAnimator::~CircleAnimator()	8	static
CircleAnimator.hpp:10:13:virtual CircleAnimator::~CircleAnimator()	8	static
CircleAnimator.cpp:131:6:bool CircleAnimator::isFadeAnimationRunning()	0	static
CircleAnimator.cpp:136:5:int CircleAnimator::getCircleStartX(int)	16	static
CircleAnimator.cpp:141:5:int CircleAnimator::getCircleStartY(int)	16	static
CircleAnimator.cpp:93:6:void CircleAnimator::resetAnimation()	32	static
CircleAnimator.cpp:5:1:CircleAnimator::CircleAnimator()	8	static
CircleAnimator.cpp:146:5:int CircleAnimator::getCircleEndX(int)	8	static
CircleAnimator.cpp:151:5:int CircleAnimator::getCircleEndY(int)	8	static
MoveAnimator.hpp:177:10:void touchgfx::MoveAnimator<T>::nextMoveAnimationStep() [with T = touchgfx::Image]	24	static
FadeAnimator.hpp:165:10:void touchgfx::FadeAnimator<T>::nextFadeAnimationStep() [with T = touchgfx::MoveAnimator<touchgfx::Image>]	32	static
FadeAnimator.hpp:122:10:void touchgfx::FadeAnimator<T>::startFadeAnimation(uint8_t, uint16_t, touchgfx::EasingEquation) [with T = touchgfx::MoveAnimator<touchgfx::Image>]	32	static
CircleAnimator.cpp:40:6:virtual void CircleAnimator::handleTickEvent()	48	static
CircleAnimator.cpp:105:6:void CircleAnimator::startFadeInAnimation()	8	static
CircleAnimator.cpp:117:6:void CircleAnimator::startFadeOutAnimation()	16	static
CircleAnimator.cpp:33:6:virtual void CircleAnimator::initialize()	8	static
