TouchGFXGeneratedDataReader.hpp:36:13:TouchGFXGeneratedDataReader::~TouchGFXGeneratedDataReader()	0	static
TouchGFXGeneratedDataReader.cpp:31:6:virtual bool TouchGFXGeneratedDataReader::addressIsAddressable(const void*)	0	static
TouchGFXGeneratedDataReader.cpp:63:6:virtual void TouchGFXGeneratedDataReader::startFlashLineRead(const void*, uint32_t)	8	static
TouchGFXGeneratedDataReader.cpp:41:6:virtual void TouchGFXGeneratedDataReader::copyData(const void*, void*, uint32_t)	8	static
TouchGFXGeneratedDataReader.cpp:69:16:virtual const uint8_t* TouchGFXGeneratedDataReader::waitFlashReadComplete()	16	static
TouchGFXGeneratedDataReader.hpp:36:13:virtual TouchGFXGeneratedDataReader::~TouchGFXGeneratedDataReader()	8	static
